absoluteExternalPath TRUE
absoluteInternalPathInDir TRUE
absoluteInternalPath TRUE
linkInFolder TRUEa
relativeExternalPath TRUE
relativeInternalPathBothInDir TRUE
relativeInternalPathFileBothInDirButMoved TRUE
relativeInternalPathInDir TRUE
relativeInternalPath TRUE
